2024-06-17 12:33:07 [    INFO] ====== WebDriver manager ====== (logger.py:11)
2024-06-17 12:33:07 [    INFO] Get LATEST chromedriver version for google-chrome (logger.py:11)
2024-06-17 12:33:07 [   DEBUG] Starting new HTTPS connection (1): googlechromelabs.github.io:443 (connectionpool.py:1055)
2024-06-17 12:33:07 [   DEBUG] https://googlechromelabs.github.io:443 "GET /chrome-for-testing/latest-patch-versions-per-build.json HTTP/1.1" 200 5875 (connectionpool.py:549)
2024-06-17 12:33:07 [    INFO] Get LATEST chromedriver version for google-chrome (logger.py:11)
2024-06-17 12:33:07 [   DEBUG] Starting new HTTPS connection (1): googlechromelabs.github.io:443 (connectionpool.py:1055)
2024-06-17 12:33:08 [   DEBUG] https://googlechromelabs.github.io:443 "GET /chrome-for-testing/latest-patch-versions-per-build.json HTTP/1.1" 200 5875 (connectionpool.py:549)
2024-06-17 12:33:08 [    INFO] Driver [/home/dbalynin/.wdm/drivers/chromedriver/linux64/126.0.6478.61/chromedriver-linux64/chromedriver] found in cache (logger.py:11)
2024-06-17 12:33:08 [   DEBUG] Skipping Selenium Manager; path to chrome driver specified in Service class: /home/dbalynin/.wdm/drivers/chromedriver/linux64/126.0.6478.61/chromedriver-linux64/chromedriver (driver_finder.py:60)
2024-06-17 12:33:08 [   DEBUG] Started executable: `/home/dbalynin/.wdm/drivers/chromedriver/linux64/126.0.6478.61/chromedriver-linux64/chromedriver` in a child process with pid: 188338 using 0 to output -3 (service.py:219)
2024-06-17 12:33:08 [   DEBUG] POST http://localhost:58623/session {'capabilities': {'firstMatch': [{}], 'alwaysMatch': {'browserName': 'chrome', 'pageLoadStrategy': <PageLoadStrategy.normal: 'normal'>, 'goog:chromeOptions': {'extensions': [], 'args': []}}}} (remote_connection.py:301)
2024-06-17 12:33:08 [   DEBUG] Starting new HTTP connection (1): localhost:58623 (connectionpool.py:244)
2024-06-17 12:33:10 [   DEBUG] http://localhost:58623 "POST /session HTTP/1.1" 200 0 (connectionpool.py:549)
2024-06-17 12:33:10 [   DEBUG] Remote response: status=200 | data={"value":{"capabilities":{"acceptInsecureCerts":false,"browserName":"chrome","browserVersion":"126.0.6478.55","chrome":{"chromedriverVersion":"126.0.6478.61 (8dc092df54ce9b93406cb7fec530eb297bc0b332-refs/branch-heads/6478_56@{#3})","userDataDir":"/tmp/.org.chromium.Chromium.7i6dk5"},"fedcm:accounts":true,"goog:chromeOptions":{"debuggerAddress":"localhost:34041"},"networkConnectionEnabled":false,"pageLoadStrategy":"normal","platformName":"linux","proxy":{},"setWindowRect":true,"strictFileInteractability":false,"timeouts":{"implicit":0,"pageLoad":300000,"script":30000},"unhandledPromptBehavior":"dismiss and notify","webauthn:extension:credBlob":true,"webauthn:extension:largeBlob":true,"webauthn:extension:minPinLength":true,"webauthn:extension:prf":true,"webauthn:virtualAuthenticators":true},"sessionId":"27cedcec5dc51166ea996a41922d2b6d"}} | headers=HTTPHeaderDict({'Content-Length': '848', 'Content-Type': 'application/json; charset=utf-8', 'cache-control': 'no-cache'}) (remote_connection.py:330)
2024-06-17 12:33:10 [   DEBUG] Finished Request (remote_connection.py:357)
2024-06-17 12:33:10 [   DEBUG] POST http://localhost:58623/session/27cedcec5dc51166ea996a41922d2b6d/url {'url': 'https://sbis.ru/contacts/'} (remote_connection.py:301)
2024-06-17 12:33:14 [   DEBUG] http://localhost:58623 "POST /session/27cedcec5dc51166ea996a41922d2b6d/url HTTP/1.1" 200 0 (connectionpool.py:549)
2024-06-17 12:33:14 [   DEBUG] Remote response: status=200 | data={"value":null} | headers=HTTPHeaderDict({'Content-Length': '14', 'Content-Type': 'application/json; charset=utf-8', 'cache-control': 'no-cache'}) (remote_connection.py:330)
2024-06-17 12:33:14 [   DEBUG] Finished Request (remote_connection.py:357)
2024-06-17 12:33:14 [   DEBUG] POST http://localhost:58623/session/27cedcec5dc51166ea996a41922d2b6d/element {'using': 'xpath', 'value': '//*[@id="contacts_clients"]/div[1]/div/div/div[2]/div/a'} (remote_connection.py:301)
2024-06-17 12:33:14 [   DEBUG] http://localhost:58623 "POST /session/27cedcec5dc51166ea996a41922d2b6d/element HTTP/1.1" 200 0 (connectionpool.py:549)
2024-06-17 12:33:14 [   DEBUG] Remote response: status=200 | data={"value":{"element-6066-11e4-a52e-4f735466cecf":"f.E731B784F0087E379780A986311ACC7A.d.1A5A5FD1719BFD8F3FD975EC1F4F6D6E.e.28"}} | headers=HTTPHeaderDict({'Content-Length': '126', 'Content-Type': 'application/json; charset=utf-8', 'cache-control': 'no-cache'}) (remote_connection.py:330)
2024-06-17 12:33:14 [   DEBUG] Finished Request (remote_connection.py:357)
2024-06-17 12:33:14 [   DEBUG] POST http://localhost:58623/session/27cedcec5dc51166ea996a41922d2b6d/element/f.E731B784F0087E379780A986311ACC7A.d.1A5A5FD1719BFD8F3FD975EC1F4F6D6E.e.28/click {} (remote_connection.py:301)
2024-06-17 12:33:15 [   DEBUG] http://localhost:58623 "POST /session/27cedcec5dc51166ea996a41922d2b6d/element/f.E731B784F0087E379780A986311ACC7A.d.1A5A5FD1719BFD8F3FD975EC1F4F6D6E.e.28/click HTTP/1.1" 200 0 (connectionpool.py:549)
2024-06-17 12:33:15 [   DEBUG] Remote response: status=200 | data={"value":null} | headers=HTTPHeaderDict({'Content-Length': '14', 'Content-Type': 'application/json; charset=utf-8', 'cache-control': 'no-cache'}) (remote_connection.py:330)
2024-06-17 12:33:15 [   DEBUG] Finished Request (remote_connection.py:357)
2024-06-17 12:33:15 [   DEBUG] GET http://localhost:58623/session/27cedcec5dc51166ea996a41922d2b6d/window/handles {} (remote_connection.py:301)
2024-06-17 12:33:15 [   DEBUG] http://localhost:58623 "GET /session/27cedcec5dc51166ea996a41922d2b6d/window/handles HTTP/1.1" 200 0 (connectionpool.py:549)
2024-06-17 12:33:15 [   DEBUG] Remote response: status=200 | data={"value":["E731B784F0087E379780A986311ACC7A","FAA9172880CD527533C9CD1A0C8D302F"]} | headers=HTTPHeaderDict({'Content-Length': '81', 'Content-Type': 'application/json; charset=utf-8', 'cache-control': 'no-cache'}) (remote_connection.py:330)
2024-06-17 12:33:15 [   DEBUG] Finished Request (remote_connection.py:357)
2024-06-17 12:33:15 [   DEBUG] POST http://localhost:58623/session/27cedcec5dc51166ea996a41922d2b6d/window {'handle': 'FAA9172880CD527533C9CD1A0C8D302F'} (remote_connection.py:301)
2024-06-17 12:33:15 [   DEBUG] http://localhost:58623 "POST /session/27cedcec5dc51166ea996a41922d2b6d/window HTTP/1.1" 200 0 (connectionpool.py:549)
2024-06-17 12:33:15 [   DEBUG] Remote response: status=200 | data={"value":null} | headers=HTTPHeaderDict({'Content-Length': '14', 'Content-Type': 'application/json; charset=utf-8', 'cache-control': 'no-cache'}) (remote_connection.py:330)
2024-06-17 12:33:15 [   DEBUG] Finished Request (remote_connection.py:357)
2024-06-17 12:33:15 [   DEBUG] POST http://localhost:58623/session/27cedcec5dc51166ea996a41922d2b6d/element {'using': 'xpath', 'value': '//*[@id="container"]/div[1]/div/div[5]/div/div/div[1]/div/p[4]/a'} (remote_connection.py:301)
2024-06-17 12:33:19 [   DEBUG] http://localhost:58623 "POST /session/27cedcec5dc51166ea996a41922d2b6d/element HTTP/1.1" 200 0 (connectionpool.py:549)
2024-06-17 12:33:19 [   DEBUG] Remote response: status=200 | data={"value":{"element-6066-11e4-a52e-4f735466cecf":"f.FAA9172880CD527533C9CD1A0C8D302F.d.BE40A960B3F83104C26261CB89FDC2CD.e.7"}} | headers=HTTPHeaderDict({'Content-Length': '125', 'Content-Type': 'application/json; charset=utf-8', 'cache-control': 'no-cache'}) (remote_connection.py:330)
2024-06-17 12:33:19 [   DEBUG] Finished Request (remote_connection.py:357)
2024-06-17 12:33:19 [   DEBUG] POST http://localhost:58623/session/27cedcec5dc51166ea996a41922d2b6d/execute/sync {'script': 'arguments[0].scrollIntoView(true);', 'args': [{'element-6066-11e4-a52e-4f735466cecf': 'f.FAA9172880CD527533C9CD1A0C8D302F.d.BE40A960B3F83104C26261CB89FDC2CD.e.7'}]} (remote_connection.py:301)
2024-06-17 12:33:19 [   DEBUG] http://localhost:58623 "POST /session/27cedcec5dc51166ea996a41922d2b6d/execute/sync HTTP/1.1" 200 0 (connectionpool.py:549)
2024-06-17 12:33:19 [   DEBUG] Remote response: status=200 | data={"value":null} | headers=HTTPHeaderDict({'Content-Length': '14', 'Content-Type': 'application/json; charset=utf-8', 'cache-control': 'no-cache'}) (remote_connection.py:330)
2024-06-17 12:33:19 [   DEBUG] Finished Request (remote_connection.py:357)
2024-06-17 12:33:19 [   DEBUG] POST http://localhost:58623/session/27cedcec5dc51166ea996a41922d2b6d/element/f.FAA9172880CD527533C9CD1A0C8D302F.d.BE40A960B3F83104C26261CB89FDC2CD.e.7/click {} (remote_connection.py:301)
2024-06-17 12:33:22 [   DEBUG] http://localhost:58623 "POST /session/27cedcec5dc51166ea996a41922d2b6d/element/f.FAA9172880CD527533C9CD1A0C8D302F.d.BE40A960B3F83104C26261CB89FDC2CD.e.7/click HTTP/1.1" 200 0 (connectionpool.py:549)
2024-06-17 12:33:22 [   DEBUG] Remote response: status=200 | data={"value":null} | headers=HTTPHeaderDict({'Content-Length': '14', 'Content-Type': 'application/json; charset=utf-8', 'cache-control': 'no-cache'}) (remote_connection.py:330)
2024-06-17 12:33:22 [   DEBUG] Finished Request (remote_connection.py:357)
2024-06-17 12:33:22 [   DEBUG] POST http://localhost:58623/session/27cedcec5dc51166ea996a41922d2b6d/element {'using': 'xpath', 'value': '/html/body/div[1]/div/div/div[2]/div[1]/div[2]/div[1]/div/div/div[1]/div/div[4]/div[2]/div[1]/a/div[...'} (remote_connection.py:301)
2024-06-17 12:33:22 [   DEBUG] http://localhost:58623 "POST /session/27cedcec5dc51166ea996a41922d2b6d/element HTTP/1.1" 200 0 (connectionpool.py:549)
2024-06-17 12:33:22 [   DEBUG] Remote response: status=200 | data={"value":{"element-6066-11e4-a52e-4f735466cecf":"f.FAA9172880CD527533C9CD1A0C8D302F.d.64941C774A8F82B34EEC5AA75680B9C1.e.40"}} | headers=HTTPHeaderDict({'Content-Length': '126', 'Content-Type': 'application/json; charset=utf-8', 'cache-control': 'no-cache'}) (remote_connection.py:330)
2024-06-17 12:33:22 [   DEBUG] Finished Request (remote_connection.py:357)
2024-06-17 12:33:22 [   DEBUG] GET http://localhost:58623/session/27cedcec5dc51166ea996a41922d2b6d/element/f.FAA9172880CD527533C9CD1A0C8D302F.d.64941C774A8F82B34EEC5AA75680B9C1.e.40/rect {} (remote_connection.py:301)
2024-06-17 12:33:22 [   DEBUG] http://localhost:58623 "GET /session/27cedcec5dc51166ea996a41922d2b6d/element/f.FAA9172880CD527533C9CD1A0C8D302F.d.64941C774A8F82B34EEC5AA75680B9C1.e.40/rect HTTP/1.1" 200 0 (connectionpool.py:549)
2024-06-17 12:33:22 [   DEBUG] Remote response: status=200 | data={"value":{"height":192,"width":270,"x":-0.75,"y":1841}} | headers=HTTPHeaderDict({'Content-Length': '55', 'Content-Type': 'application/json; charset=utf-8', 'cache-control': 'no-cache'}) (remote_connection.py:330)
2024-06-17 12:33:22 [   DEBUG] Finished Request (remote_connection.py:357)
2024-06-17 12:33:22 [   DEBUG] POST http://localhost:58623/session/27cedcec5dc51166ea996a41922d2b6d/element {'using': 'xpath', 'value': '/html/body/div[1]/div/div/div[2]/div[1]/div[2]/div[1]/div/div/div[1]/div/div[4]/div[2]/div[2]/a/div[...'} (remote_connection.py:301)
2024-06-17 12:33:22 [   DEBUG] http://localhost:58623 "POST /session/27cedcec5dc51166ea996a41922d2b6d/element HTTP/1.1" 200 0 (connectionpool.py:549)
2024-06-17 12:33:22 [   DEBUG] Remote response: status=200 | data={"value":{"element-6066-11e4-a52e-4f735466cecf":"f.FAA9172880CD527533C9CD1A0C8D302F.d.64941C774A8F82B34EEC5AA75680B9C1.e.42"}} | headers=HTTPHeaderDict({'Content-Length': '126', 'Content-Type': 'application/json; charset=utf-8', 'cache-control': 'no-cache'}) (remote_connection.py:330)
2024-06-17 12:33:22 [   DEBUG] Finished Request (remote_connection.py:357)
2024-06-17 12:33:22 [   DEBUG] GET http://localhost:58623/session/27cedcec5dc51166ea996a41922d2b6d/element/f.FAA9172880CD527533C9CD1A0C8D302F.d.64941C774A8F82B34EEC5AA75680B9C1.e.42/rect {} (remote_connection.py:301)
2024-06-17 12:33:22 [   DEBUG] http://localhost:58623 "GET /session/27cedcec5dc51166ea996a41922d2b6d/element/f.FAA9172880CD527533C9CD1A0C8D302F.d.64941C774A8F82B34EEC5AA75680B9C1.e.42/rect HTTP/1.1" 200 0 (connectionpool.py:549)
2024-06-17 12:33:22 [   DEBUG] Remote response: status=200 | data={"value":{"height":192,"width":270,"x":259.75,"y":1841}} | headers=HTTPHeaderDict({'Content-Length': '56', 'Content-Type': 'application/json; charset=utf-8', 'cache-control': 'no-cache'}) (remote_connection.py:330)
2024-06-17 12:33:22 [   DEBUG] Finished Request (remote_connection.py:357)
2024-06-17 12:33:22 [   DEBUG] POST http://localhost:58623/session/27cedcec5dc51166ea996a41922d2b6d/element {'using': 'xpath', 'value': '/html/body/div[1]/div/div/div[2]/div[1]/div[2]/div[1]/div/div/div[1]/div/div[4]/div[2]/div[3]/a/div[...'} (remote_connection.py:301)
2024-06-17 12:33:22 [   DEBUG] http://localhost:58623 "POST /session/27cedcec5dc51166ea996a41922d2b6d/element HTTP/1.1" 200 0 (connectionpool.py:549)
2024-06-17 12:33:22 [   DEBUG] Remote response: status=200 | data={"value":{"element-6066-11e4-a52e-4f735466cecf":"f.FAA9172880CD527533C9CD1A0C8D302F.d.64941C774A8F82B34EEC5AA75680B9C1.e.45"}} | headers=HTTPHeaderDict({'Content-Length': '126', 'Content-Type': 'application/json; charset=utf-8', 'cache-control': 'no-cache'}) (remote_connection.py:330)
2024-06-17 12:33:22 [   DEBUG] Finished Request (remote_connection.py:357)
2024-06-17 12:33:22 [   DEBUG] GET http://localhost:58623/session/27cedcec5dc51166ea996a41922d2b6d/element/f.FAA9172880CD527533C9CD1A0C8D302F.d.64941C774A8F82B34EEC5AA75680B9C1.e.45/rect {} (remote_connection.py:301)
2024-06-17 12:33:22 [   DEBUG] http://localhost:58623 "GET /session/27cedcec5dc51166ea996a41922d2b6d/element/f.FAA9172880CD527533C9CD1A0C8D302F.d.64941C774A8F82B34EEC5AA75680B9C1.e.45/rect HTTP/1.1" 200 0 (connectionpool.py:549)
2024-06-17 12:33:22 [   DEBUG] Remote response: status=200 | data={"value":{"height":192,"width":270,"x":520.25,"y":1841}} | headers=HTTPHeaderDict({'Content-Length': '56', 'Content-Type': 'application/json; charset=utf-8', 'cache-control': 'no-cache'}) (remote_connection.py:330)
2024-06-17 12:33:22 [   DEBUG] Finished Request (remote_connection.py:357)
2024-06-17 12:33:22 [   DEBUG] POST http://localhost:58623/session/27cedcec5dc51166ea996a41922d2b6d/element {'using': 'xpath', 'value': '/html/body/div[1]/div/div/div[2]/div[1]/div[2]/div[1]/div/div/div[1]/div/div[4]/div[2]/div[4]/a/div[...'} (remote_connection.py:301)
2024-06-17 12:33:22 [   DEBUG] http://localhost:58623 "POST /session/27cedcec5dc51166ea996a41922d2b6d/element HTTP/1.1" 200 0 (connectionpool.py:549)
2024-06-17 12:33:22 [   DEBUG] Remote response: status=200 | data={"value":{"element-6066-11e4-a52e-4f735466cecf":"f.FAA9172880CD527533C9CD1A0C8D302F.d.64941C774A8F82B34EEC5AA75680B9C1.e.47"}} | headers=HTTPHeaderDict({'Content-Length': '126', 'Content-Type': 'application/json; charset=utf-8', 'cache-control': 'no-cache'}) (remote_connection.py:330)
2024-06-17 12:33:22 [   DEBUG] Finished Request (remote_connection.py:357)
2024-06-17 12:33:22 [   DEBUG] GET http://localhost:58623/session/27cedcec5dc51166ea996a41922d2b6d/element/f.FAA9172880CD527533C9CD1A0C8D302F.d.64941C774A8F82B34EEC5AA75680B9C1.e.47/rect {} (remote_connection.py:301)
2024-06-17 12:33:22 [   DEBUG] http://localhost:58623 "GET /session/27cedcec5dc51166ea996a41922d2b6d/element/f.FAA9172880CD527533C9CD1A0C8D302F.d.64941C774A8F82B34EEC5AA75680B9C1.e.47/rect HTTP/1.1" 200 0 (connectionpool.py:549)
2024-06-17 12:33:22 [   DEBUG] Remote response: status=200 | data={"value":{"height":192,"width":270,"x":780.75,"y":1841}} | headers=HTTPHeaderDict({'Content-Length': '56', 'Content-Type': 'application/json; charset=utf-8', 'cache-control': 'no-cache'}) (remote_connection.py:330)
2024-06-17 12:33:22 [   DEBUG] Finished Request (remote_connection.py:357)
2024-06-17 12:33:22 [CRITICAL] test pass all fine (test_scenario_one.py:25)
2024-06-17 12:33:22 [   DEBUG] DELETE http://localhost:58623/session/27cedcec5dc51166ea996a41922d2b6d {} (remote_connection.py:301)
2024-06-17 12:33:22 [   DEBUG] http://localhost:58623 "DELETE /session/27cedcec5dc51166ea996a41922d2b6d HTTP/1.1" 200 0 (connectionpool.py:549)
2024-06-17 12:33:22 [   DEBUG] Remote response: status=200 | data={"value":null} | headers=HTTPHeaderDict({'Content-Length': '14', 'Content-Type': 'application/json; charset=utf-8', 'cache-control': 'no-cache'}) (remote_connection.py:330)
2024-06-17 12:33:22 [   DEBUG] Finished Request (remote_connection.py:357)
2024-06-17 12:33:23 [    INFO] ====== WebDriver manager ====== (logger.py:11)
2024-06-17 12:33:23 [    INFO] Get LATEST chromedriver version for google-chrome (logger.py:11)
2024-06-17 12:33:23 [   DEBUG] Starting new HTTPS connection (1): googlechromelabs.github.io:443 (connectionpool.py:1055)
2024-06-17 12:33:23 [   DEBUG] https://googlechromelabs.github.io:443 "GET /chrome-for-testing/latest-patch-versions-per-build.json HTTP/1.1" 200 5875 (connectionpool.py:549)
2024-06-17 12:33:23 [    INFO] Get LATEST chromedriver version for google-chrome (logger.py:11)
2024-06-17 12:33:23 [   DEBUG] Starting new HTTPS connection (1): googlechromelabs.github.io:443 (connectionpool.py:1055)
2024-06-17 12:33:23 [   DEBUG] https://googlechromelabs.github.io:443 "GET /chrome-for-testing/latest-patch-versions-per-build.json HTTP/1.1" 200 5875 (connectionpool.py:549)
2024-06-17 12:33:23 [    INFO] Driver [/home/dbalynin/.wdm/drivers/chromedriver/linux64/126.0.6478.61/chromedriver-linux64/chromedriver] found in cache (logger.py:11)
2024-06-17 12:33:23 [   DEBUG] Skipping Selenium Manager; path to chrome driver specified in Service class: /home/dbalynin/.wdm/drivers/chromedriver/linux64/126.0.6478.61/chromedriver-linux64/chromedriver (driver_finder.py:60)
2024-06-17 12:33:23 [   DEBUG] Started executable: `/home/dbalynin/.wdm/drivers/chromedriver/linux64/126.0.6478.61/chromedriver-linux64/chromedriver` in a child process with pid: 188556 using 0 to output -3 (service.py:219)
2024-06-17 12:33:23 [   DEBUG] POST http://localhost:39775/session {'capabilities': {'firstMatch': [{}], 'alwaysMatch': {'browserName': 'chrome', 'pageLoadStrategy': <PageLoadStrategy.normal: 'normal'>, 'goog:chromeOptions': {'extensions': [], 'args': []}}}} (remote_connection.py:301)
2024-06-17 12:33:23 [   DEBUG] Starting new HTTP connection (1): localhost:39775 (connectionpool.py:244)
2024-06-17 12:33:26 [   DEBUG] http://localhost:39775 "POST /session HTTP/1.1" 200 0 (connectionpool.py:549)
2024-06-17 12:33:26 [   DEBUG] Remote response: status=200 | data={"value":{"capabilities":{"acceptInsecureCerts":false,"browserName":"chrome","browserVersion":"126.0.6478.55","chrome":{"chromedriverVersion":"126.0.6478.61 (8dc092df54ce9b93406cb7fec530eb297bc0b332-refs/branch-heads/6478_56@{#3})","userDataDir":"/tmp/.org.chromium.Chromium.uCLRtO"},"fedcm:accounts":true,"goog:chromeOptions":{"debuggerAddress":"localhost:34291"},"networkConnectionEnabled":false,"pageLoadStrategy":"normal","platformName":"linux","proxy":{},"setWindowRect":true,"strictFileInteractability":false,"timeouts":{"implicit":0,"pageLoad":300000,"script":30000},"unhandledPromptBehavior":"dismiss and notify","webauthn:extension:credBlob":true,"webauthn:extension:largeBlob":true,"webauthn:extension:minPinLength":true,"webauthn:extension:prf":true,"webauthn:virtualAuthenticators":true},"sessionId":"4d01f05482b6fecc66ef1d5fcefbc28d"}} | headers=HTTPHeaderDict({'Content-Length': '848', 'Content-Type': 'application/json; charset=utf-8', 'cache-control': 'no-cache'}) (remote_connection.py:330)
2024-06-17 12:33:26 [   DEBUG] Finished Request (remote_connection.py:357)
2024-06-17 12:33:26 [   DEBUG] POST http://localhost:39775/session/4d01f05482b6fecc66ef1d5fcefbc28d/url {'url': 'https://sbis.ru'} (remote_connection.py:301)
2024-06-17 12:33:32 [   DEBUG] http://localhost:39775 "POST /session/4d01f05482b6fecc66ef1d5fcefbc28d/url HTTP/1.1" 200 0 (connectionpool.py:549)
2024-06-17 12:33:32 [   DEBUG] Remote response: status=200 | data={"value":null} | headers=HTTPHeaderDict({'Content-Length': '14', 'Content-Type': 'application/json; charset=utf-8', 'cache-control': 'no-cache'}) (remote_connection.py:330)
2024-06-17 12:33:32 [   DEBUG] Finished Request (remote_connection.py:357)
2024-06-17 12:33:32 [   DEBUG] POST http://localhost:39775/session/4d01f05482b6fecc66ef1d5fcefbc28d/element {'using': 'xpath', 'value': '//*[@id="container"]/div[2]/div[1]/div[3]/div[3]/ul/li[8]/a'} (remote_connection.py:301)
2024-06-17 12:33:33 [   DEBUG] http://localhost:39775 "POST /session/4d01f05482b6fecc66ef1d5fcefbc28d/element HTTP/1.1" 200 0 (connectionpool.py:549)
2024-06-17 12:33:33 [   DEBUG] Remote response: status=200 | data={"value":{"element-6066-11e4-a52e-4f735466cecf":"f.21B9DBB2E6299EBEC5E61EF109508B3B.d.35261B5C853B546812CA10C8A4ADEA94.e.16"}} | headers=HTTPHeaderDict({'Content-Length': '126', 'Content-Type': 'application/json; charset=utf-8', 'cache-control': 'no-cache'}) (remote_connection.py:330)
2024-06-17 12:33:33 [   DEBUG] Finished Request (remote_connection.py:357)
2024-06-17 12:33:33 [   DEBUG] POST http://localhost:39775/session/4d01f05482b6fecc66ef1d5fcefbc28d/execute/sync {'script': 'arguments[0].scrollIntoView(true);', 'args': [{'element-6066-11e4-a52e-4f735466cecf': 'f.21B9DBB2E6299EBEC5E61EF109508B3B.d.35261B5C853B546812CA10C8A4ADEA94.e.16'}]} (remote_connection.py:301)
2024-06-17 12:33:35 [   DEBUG] http://localhost:39775 "POST /session/4d01f05482b6fecc66ef1d5fcefbc28d/execute/sync HTTP/1.1" 200 0 (connectionpool.py:549)
2024-06-17 12:33:35 [   DEBUG] Remote response: status=200 | data={"value":null} | headers=HTTPHeaderDict({'Content-Length': '14', 'Content-Type': 'application/json; charset=utf-8', 'cache-control': 'no-cache'}) (remote_connection.py:330)
2024-06-17 12:33:35 [   DEBUG] Finished Request (remote_connection.py:357)
2024-06-17 12:33:35 [   DEBUG] POST http://localhost:39775/session/4d01f05482b6fecc66ef1d5fcefbc28d/element/f.21B9DBB2E6299EBEC5E61EF109508B3B.d.35261B5C853B546812CA10C8A4ADEA94.e.16/click {} (remote_connection.py:301)
2024-06-17 12:33:37 [   DEBUG] http://localhost:39775 "POST /session/4d01f05482b6fecc66ef1d5fcefbc28d/element/f.21B9DBB2E6299EBEC5E61EF109508B3B.d.35261B5C853B546812CA10C8A4ADEA94.e.16/click HTTP/1.1" 200 0 (connectionpool.py:549)
2024-06-17 12:33:37 [   DEBUG] Remote response: status=200 | data={"value":null} | headers=HTTPHeaderDict({'Content-Length': '14', 'Content-Type': 'application/json; charset=utf-8', 'cache-control': 'no-cache'}) (remote_connection.py:330)
2024-06-17 12:33:37 [   DEBUG] Finished Request (remote_connection.py:357)
2024-06-17 12:33:37 [   DEBUG] POST http://localhost:39775/session/4d01f05482b6fecc66ef1d5fcefbc28d/element {'using': 'partial link text', 'value': 'Скачать (Exe 7.22 МБ)'} (remote_connection.py:301)
2024-06-17 12:33:38 [   DEBUG] http://localhost:39775 "POST /session/4d01f05482b6fecc66ef1d5fcefbc28d/element HTTP/1.1" 200 0 (connectionpool.py:549)
2024-06-17 12:33:38 [   DEBUG] Remote response: status=200 | data={"value":{"element-6066-11e4-a52e-4f735466cecf":"f.21B9DBB2E6299EBEC5E61EF109508B3B.d.EB92C6442959BA3E937076165578465B.e.32"}} | headers=HTTPHeaderDict({'Content-Length': '126', 'Content-Type': 'application/json; charset=utf-8', 'cache-control': 'no-cache'}) (remote_connection.py:330)
2024-06-17 12:33:38 [   DEBUG] Finished Request (remote_connection.py:357)
2024-06-17 12:33:38 [   DEBUG] POST http://localhost:39775/session/4d01f05482b6fecc66ef1d5fcefbc28d/actions {'actions': [{'type': 'pointer', 'parameters': {'pointerType': 'mouse'}, 'id': 'mouse', 'actions': [{'type': 'pointerMove', 'duration': 250, 'x': 0, 'y': 0, 'origin': {'element-6066-11e4-a52e-4f735466cecf': 'f.21B9DBB2E6299EBEC5E61EF109508B3B.d.EB92C6442959BA3E937076165578465B.e.32'}}, {'type': 'pointerDown', 'duration': 0, 'button': 0}, {'type': 'pointerUp', 'duration': 0, 'button': 0}]}, {'type': 'key', 'id': 'key', 'actions': [{'type': 'pause', 'duration': 0}, {'type': 'pause', 'duration': 0}, {'type': 'pause', 'duration': 0}]}]} (remote_connection.py:301)
2024-06-17 12:33:40 [   DEBUG] http://localhost:39775 "POST /session/4d01f05482b6fecc66ef1d5fcefbc28d/actions HTTP/1.1" 200 0 (connectionpool.py:549)
2024-06-17 12:33:40 [   DEBUG] Remote response: status=200 | data={"value":null} | headers=HTTPHeaderDict({'Content-Length': '14', 'Content-Type': 'application/json; charset=utf-8', 'cache-control': 'no-cache'}) (remote_connection.py:330)
2024-06-17 12:33:40 [   DEBUG] Finished Request (remote_connection.py:357)
2024-06-17 12:34:00 [CRITICAL] test pass all fine (test_scenario_three.py:25)
2024-06-17 12:34:00 [   DEBUG] DELETE http://localhost:39775/session/4d01f05482b6fecc66ef1d5fcefbc28d {} (remote_connection.py:301)
2024-06-17 12:34:00 [   DEBUG] http://localhost:39775 "DELETE /session/4d01f05482b6fecc66ef1d5fcefbc28d HTTP/1.1" 200 0 (connectionpool.py:549)
2024-06-17 12:34:00 [   DEBUG] Remote response: status=200 | data={"value":null} | headers=HTTPHeaderDict({'Content-Length': '14', 'Content-Type': 'application/json; charset=utf-8', 'cache-control': 'no-cache'}) (remote_connection.py:330)
2024-06-17 12:34:00 [   DEBUG] Finished Request (remote_connection.py:357)
2024-06-17 12:34:00 [    INFO] ====== WebDriver manager ====== (logger.py:11)
2024-06-17 12:34:00 [    INFO] Get LATEST chromedriver version for google-chrome (logger.py:11)
2024-06-17 12:34:00 [   DEBUG] Starting new HTTPS connection (1): googlechromelabs.github.io:443 (connectionpool.py:1055)
2024-06-17 12:34:00 [   DEBUG] https://googlechromelabs.github.io:443 "GET /chrome-for-testing/latest-patch-versions-per-build.json HTTP/1.1" 200 5875 (connectionpool.py:549)
2024-06-17 12:34:00 [    INFO] Get LATEST chromedriver version for google-chrome (logger.py:11)
2024-06-17 12:34:00 [   DEBUG] Starting new HTTPS connection (1): googlechromelabs.github.io:443 (connectionpool.py:1055)
2024-06-17 12:34:00 [   DEBUG] https://googlechromelabs.github.io:443 "GET /chrome-for-testing/latest-patch-versions-per-build.json HTTP/1.1" 200 5875 (connectionpool.py:549)
2024-06-17 12:34:00 [    INFO] Driver [/home/dbalynin/.wdm/drivers/chromedriver/linux64/126.0.6478.61/chromedriver-linux64/chromedriver] found in cache (logger.py:11)
2024-06-17 12:34:00 [   DEBUG] Skipping Selenium Manager; path to chrome driver specified in Service class: /home/dbalynin/.wdm/drivers/chromedriver/linux64/126.0.6478.61/chromedriver-linux64/chromedriver (driver_finder.py:60)
2024-06-17 12:34:00 [   DEBUG] Started executable: `/home/dbalynin/.wdm/drivers/chromedriver/linux64/126.0.6478.61/chromedriver-linux64/chromedriver` in a child process with pid: 188861 using 0 to output -3 (service.py:219)
2024-06-17 12:34:01 [   DEBUG] POST http://localhost:48469/session {'capabilities': {'firstMatch': [{}], 'alwaysMatch': {'browserName': 'chrome', 'pageLoadStrategy': <PageLoadStrategy.normal: 'normal'>, 'goog:chromeOptions': {'extensions': [], 'args': []}}}} (remote_connection.py:301)
2024-06-17 12:34:01 [   DEBUG] Starting new HTTP connection (1): localhost:48469 (connectionpool.py:244)
2024-06-17 12:34:03 [   DEBUG] http://localhost:48469 "POST /session HTTP/1.1" 200 0 (connectionpool.py:549)
2024-06-17 12:34:03 [   DEBUG] Remote response: status=200 | data={"value":{"capabilities":{"acceptInsecureCerts":false,"browserName":"chrome","browserVersion":"126.0.6478.55","chrome":{"chromedriverVersion":"126.0.6478.61 (8dc092df54ce9b93406cb7fec530eb297bc0b332-refs/branch-heads/6478_56@{#3})","userDataDir":"/tmp/.org.chromium.Chromium.Q96O63"},"fedcm:accounts":true,"goog:chromeOptions":{"debuggerAddress":"localhost:41005"},"networkConnectionEnabled":false,"pageLoadStrategy":"normal","platformName":"linux","proxy":{},"setWindowRect":true,"strictFileInteractability":false,"timeouts":{"implicit":0,"pageLoad":300000,"script":30000},"unhandledPromptBehavior":"dismiss and notify","webauthn:extension:credBlob":true,"webauthn:extension:largeBlob":true,"webauthn:extension:minPinLength":true,"webauthn:extension:prf":true,"webauthn:virtualAuthenticators":true},"sessionId":"e6c1e46dd37a7a8f9365a0dd45d96a8e"}} | headers=HTTPHeaderDict({'Content-Length': '848', 'Content-Type': 'application/json; charset=utf-8', 'cache-control': 'no-cache'}) (remote_connection.py:330)
2024-06-17 12:34:03 [   DEBUG] Finished Request (remote_connection.py:357)
2024-06-17 12:34:03 [   DEBUG] POST http://localhost:48469/session/e6c1e46dd37a7a8f9365a0dd45d96a8e/url {'url': 'https://sbis.ru/contacts/'} (remote_connection.py:301)
2024-06-17 12:34:07 [   DEBUG] http://localhost:48469 "POST /session/e6c1e46dd37a7a8f9365a0dd45d96a8e/url HTTP/1.1" 200 0 (connectionpool.py:549)
2024-06-17 12:34:07 [   DEBUG] Remote response: status=200 | data={"value":null} | headers=HTTPHeaderDict({'Content-Length': '14', 'Content-Type': 'application/json; charset=utf-8', 'cache-control': 'no-cache'}) (remote_connection.py:330)
2024-06-17 12:34:07 [   DEBUG] Finished Request (remote_connection.py:357)
2024-06-17 12:34:07 [   DEBUG] GET http://localhost:48469/session/e6c1e46dd37a7a8f9365a0dd45d96a8e/url {} (remote_connection.py:301)
2024-06-17 12:34:07 [   DEBUG] http://localhost:48469 "GET /session/e6c1e46dd37a7a8f9365a0dd45d96a8e/url HTTP/1.1" 200 0 (connectionpool.py:549)
2024-06-17 12:34:07 [   DEBUG] Remote response: status=200 | data={"value":"https://sbis.ru/contacts/69-tverskaya-oblast?tab=clients"} | headers=HTTPHeaderDict({'Content-Length': '68', 'Content-Type': 'application/json; charset=utf-8', 'cache-control': 'no-cache'}) (remote_connection.py:330)
2024-06-17 12:34:07 [   DEBUG] Finished Request (remote_connection.py:357)
2024-06-17 12:34:07 [   DEBUG] POST http://localhost:48469/session/e6c1e46dd37a7a8f9365a0dd45d96a8e/element {'using': 'xpath', 'value': '//*[@id="container"]/div[2]/div[1]/div[5]/div[1]/span/span'} (remote_connection.py:301)
2024-06-17 12:34:07 [   DEBUG] http://localhost:48469 "POST /session/e6c1e46dd37a7a8f9365a0dd45d96a8e/element HTTP/1.1" 200 0 (connectionpool.py:549)
2024-06-17 12:34:07 [   DEBUG] Remote response: status=200 | data={"value":{"element-6066-11e4-a52e-4f735466cecf":"f.43D549745E7931466C9B8FB052C52B00.d.A24428D529097794BC5CF4780D299148.e.28"}} | headers=HTTPHeaderDict({'Content-Length': '126', 'Content-Type': 'application/json; charset=utf-8', 'cache-control': 'no-cache'}) (remote_connection.py:330)
2024-06-17 12:34:07 [   DEBUG] Finished Request (remote_connection.py:357)
2024-06-17 12:34:07 [   DEBUG] POST http://localhost:48469/session/e6c1e46dd37a7a8f9365a0dd45d96a8e/execute/sync {'script': 'arguments[0].scrollIntoView(true);', 'args': [{'element-6066-11e4-a52e-4f735466cecf': 'f.43D549745E7931466C9B8FB052C52B00.d.A24428D529097794BC5CF4780D299148.e.28'}]} (remote_connection.py:301)
2024-06-17 12:34:07 [   DEBUG] http://localhost:48469 "POST /session/e6c1e46dd37a7a8f9365a0dd45d96a8e/execute/sync HTTP/1.1" 200 0 (connectionpool.py:549)
2024-06-17 12:34:07 [   DEBUG] Remote response: status=200 | data={"value":null} | headers=HTTPHeaderDict({'Content-Length': '14', 'Content-Type': 'application/json; charset=utf-8', 'cache-control': 'no-cache'}) (remote_connection.py:330)
2024-06-17 12:34:07 [   DEBUG] Finished Request (remote_connection.py:357)
2024-06-17 12:34:07 [   DEBUG] POST http://localhost:48469/session/e6c1e46dd37a7a8f9365a0dd45d96a8e/element/f.43D549745E7931466C9B8FB052C52B00.d.A24428D529097794BC5CF4780D299148.e.28/click {} (remote_connection.py:301)
2024-06-17 12:34:09 [   DEBUG] http://localhost:48469 "POST /session/e6c1e46dd37a7a8f9365a0dd45d96a8e/element/f.43D549745E7931466C9B8FB052C52B00.d.A24428D529097794BC5CF4780D299148.e.28/click HTTP/1.1" 200 0 (connectionpool.py:549)
2024-06-17 12:34:09 [   DEBUG] Remote response: status=200 | data={"value":null} | headers=HTTPHeaderDict({'Content-Length': '14', 'Content-Type': 'application/json; charset=utf-8', 'cache-control': 'no-cache'}) (remote_connection.py:330)
2024-06-17 12:34:09 [   DEBUG] Finished Request (remote_connection.py:357)
2024-06-17 12:34:17 [   DEBUG] POST http://localhost:48469/session/e6c1e46dd37a7a8f9365a0dd45d96a8e/element {'using': 'xpath', 'value': '//*[@id="popup"]/div[2]/div/div/div/div/div[2]/div/ul/li[43]/span/span'} (remote_connection.py:301)
2024-06-17 12:34:17 [   DEBUG] http://localhost:48469 "POST /session/e6c1e46dd37a7a8f9365a0dd45d96a8e/element HTTP/1.1" 200 0 (connectionpool.py:549)
2024-06-17 12:34:17 [   DEBUG] Remote response: status=200 | data={"value":{"element-6066-11e4-a52e-4f735466cecf":"f.43D549745E7931466C9B8FB052C52B00.d.A24428D529097794BC5CF4780D299148.e.36"}} | headers=HTTPHeaderDict({'Content-Length': '126', 'Content-Type': 'application/json; charset=utf-8', 'cache-control': 'no-cache'}) (remote_connection.py:330)
2024-06-17 12:34:17 [   DEBUG] Finished Request (remote_connection.py:357)
2024-06-17 12:34:17 [   DEBUG] POST http://localhost:48469/session/e6c1e46dd37a7a8f9365a0dd45d96a8e/element/f.43D549745E7931466C9B8FB052C52B00.d.A24428D529097794BC5CF4780D299148.e.36/click {} (remote_connection.py:301)
2024-06-17 12:34:17 [   DEBUG] http://localhost:48469 "POST /session/e6c1e46dd37a7a8f9365a0dd45d96a8e/element/f.43D549745E7931466C9B8FB052C52B00.d.A24428D529097794BC5CF4780D299148.e.36/click HTTP/1.1" 200 0 (connectionpool.py:549)
2024-06-17 12:34:17 [   DEBUG] Remote response: status=200 | data={"value":null} | headers=HTTPHeaderDict({'Content-Length': '14', 'Content-Type': 'application/json; charset=utf-8', 'cache-control': 'no-cache'}) (remote_connection.py:330)
2024-06-17 12:34:17 [   DEBUG] Finished Request (remote_connection.py:357)
2024-06-17 12:34:25 [   DEBUG] GET http://localhost:48469/session/e6c1e46dd37a7a8f9365a0dd45d96a8e/url {} (remote_connection.py:301)
2024-06-17 12:34:25 [   DEBUG] http://localhost:48469 "GET /session/e6c1e46dd37a7a8f9365a0dd45d96a8e/url HTTP/1.1" 200 0 (connectionpool.py:549)
2024-06-17 12:34:25 [   DEBUG] Remote response: status=200 | data={"value":"https://sbis.ru/contacts/41-kamchatskij-kraj?tab=clients"} | headers=HTTPHeaderDict({'Content-Length': '68', 'Content-Type': 'application/json; charset=utf-8', 'cache-control': 'no-cache'}) (remote_connection.py:330)
2024-06-17 12:34:25 [   DEBUG] Finished Request (remote_connection.py:357)
2024-06-17 12:34:25 [CRITICAL] test pass all fine (test_scenario_two.py:22)
2024-06-17 12:34:25 [   DEBUG] DELETE http://localhost:48469/session/e6c1e46dd37a7a8f9365a0dd45d96a8e {} (remote_connection.py:301)
2024-06-17 12:34:25 [   DEBUG] http://localhost:48469 "DELETE /session/e6c1e46dd37a7a8f9365a0dd45d96a8e HTTP/1.1" 200 0 (connectionpool.py:549)
2024-06-17 12:34:25 [   DEBUG] Remote response: status=200 | data={"value":null} | headers=HTTPHeaderDict({'Content-Length': '14', 'Content-Type': 'application/json; charset=utf-8', 'cache-control': 'no-cache'}) (remote_connection.py:330)
2024-06-17 12:34:25 [   DEBUG] Finished Request (remote_connection.py:357)
