2024-06-17 16:24:26 [    INFO] ====== WebDriver manager ====== (logger.py:11)
2024-06-17 16:24:26 [    INFO] Get LATEST chromedriver version for google-chrome (logger.py:11)
2024-06-17 16:24:26 [   DEBUG] Starting new HTTPS connection (1): googlechromelabs.github.io:443 (connectionpool.py:1055)
2024-06-17 16:24:27 [   DEBUG] https://googlechromelabs.github.io:443 "GET /chrome-for-testing/latest-patch-versions-per-build.json HTTP/1.1" 200 5875 (connectionpool.py:549)
2024-06-17 16:24:27 [    INFO] Get LATEST chromedriver version for google-chrome (logger.py:11)
2024-06-17 16:24:27 [   DEBUG] Starting new HTTPS connection (1): googlechromelabs.github.io:443 (connectionpool.py:1055)
2024-06-17 16:24:27 [   DEBUG] https://googlechromelabs.github.io:443 "GET /chrome-for-testing/latest-patch-versions-per-build.json HTTP/1.1" 200 5875 (connectionpool.py:549)
2024-06-17 16:24:27 [    INFO] Driver [/home/dbalynin/.wdm/drivers/chromedriver/linux64/126.0.6478.61/chromedriver-linux64/chromedriver] found in cache (logger.py:11)
2024-06-17 16:24:27 [   DEBUG] Skipping Selenium Manager; path to chrome driver specified in Service class: /home/dbalynin/.wdm/drivers/chromedriver/linux64/126.0.6478.61/chromedriver-linux64/chromedriver (driver_finder.py:60)
2024-06-17 16:24:27 [   DEBUG] Started executable: `/home/dbalynin/.wdm/drivers/chromedriver/linux64/126.0.6478.61/chromedriver-linux64/chromedriver` in a child process with pid: 197201 using 0 to output -3 (service.py:219)
2024-06-17 16:24:27 [   DEBUG] POST http://localhost:52613/session {'capabilities': {'firstMatch': [{}], 'alwaysMatch': {'browserName': 'chrome', 'pageLoadStrategy': <PageLoadStrategy.normal: 'normal'>, 'goog:chromeOptions': {'extensions': [], 'args': []}}}} (remote_connection.py:301)
2024-06-17 16:24:27 [   DEBUG] Starting new HTTP connection (1): localhost:52613 (connectionpool.py:244)
2024-06-17 16:24:30 [   DEBUG] http://localhost:52613 "POST /session HTTP/1.1" 200 0 (connectionpool.py:549)
2024-06-17 16:24:30 [   DEBUG] Remote response: status=200 | data={"value":{"capabilities":{"acceptInsecureCerts":false,"browserName":"chrome","browserVersion":"126.0.6478.55","chrome":{"chromedriverVersion":"126.0.6478.61 (8dc092df54ce9b93406cb7fec530eb297bc0b332-refs/branch-heads/6478_56@{#3})","userDataDir":"/tmp/.org.chromium.Chromium.SOob2h"},"fedcm:accounts":true,"goog:chromeOptions":{"debuggerAddress":"localhost:35781"},"networkConnectionEnabled":false,"pageLoadStrategy":"normal","platformName":"linux","proxy":{},"setWindowRect":true,"strictFileInteractability":false,"timeouts":{"implicit":0,"pageLoad":300000,"script":30000},"unhandledPromptBehavior":"dismiss and notify","webauthn:extension:credBlob":true,"webauthn:extension:largeBlob":true,"webauthn:extension:minPinLength":true,"webauthn:extension:prf":true,"webauthn:virtualAuthenticators":true},"sessionId":"bdd6e9efe9bbd88f458bcf8370ce8011"}} | headers=HTTPHeaderDict({'Content-Length': '848', 'Content-Type': 'application/json; charset=utf-8', 'cache-control': 'no-cache'}) (remote_connection.py:330)
2024-06-17 16:24:30 [   DEBUG] Finished Request (remote_connection.py:357)
2024-06-17 16:24:30 [   DEBUG] POST http://localhost:52613/session/bdd6e9efe9bbd88f458bcf8370ce8011/url {'url': 'https://sbis.ru'} (remote_connection.py:301)
2024-06-17 16:24:39 [   DEBUG] http://localhost:52613 "POST /session/bdd6e9efe9bbd88f458bcf8370ce8011/url HTTP/1.1" 200 0 (connectionpool.py:549)
2024-06-17 16:24:39 [   DEBUG] Remote response: status=200 | data={"value":null} | headers=HTTPHeaderDict({'Content-Length': '14', 'Content-Type': 'application/json; charset=utf-8', 'cache-control': 'no-cache'}) (remote_connection.py:330)
2024-06-17 16:24:39 [   DEBUG] Finished Request (remote_connection.py:357)
2024-06-17 16:24:39 [   DEBUG] POST http://localhost:52613/session/bdd6e9efe9bbd88f458bcf8370ce8011/element {'using': 'xpath', 'value': '//*[@id="container"]/div[2]/div[1]/div[3]/div[3]/ul/li[8]/a'} (remote_connection.py:301)
2024-06-17 16:24:39 [   DEBUG] http://localhost:52613 "POST /session/bdd6e9efe9bbd88f458bcf8370ce8011/element HTTP/1.1" 200 0 (connectionpool.py:549)
2024-06-17 16:24:39 [   DEBUG] Remote response: status=200 | data={"value":{"element-6066-11e4-a52e-4f735466cecf":"f.79B286561CDF82C727782664D010FF26.d.1A17E054EF100EA14D43F8ACC11C772A.e.18"}} | headers=HTTPHeaderDict({'Content-Length': '126', 'Content-Type': 'application/json; charset=utf-8', 'cache-control': 'no-cache'}) (remote_connection.py:330)
2024-06-17 16:24:39 [   DEBUG] Finished Request (remote_connection.py:357)
2024-06-17 16:24:39 [   DEBUG] POST http://localhost:52613/session/bdd6e9efe9bbd88f458bcf8370ce8011/execute/sync {'script': 'arguments[0].scrollIntoView(true);', 'args': [{'element-6066-11e4-a52e-4f735466cecf': 'f.79B286561CDF82C727782664D010FF26.d.1A17E054EF100EA14D43F8ACC11C772A.e.18'}]} (remote_connection.py:301)
2024-06-17 16:24:39 [   DEBUG] http://localhost:52613 "POST /session/bdd6e9efe9bbd88f458bcf8370ce8011/execute/sync HTTP/1.1" 200 0 (connectionpool.py:549)
2024-06-17 16:24:39 [   DEBUG] Remote response: status=200 | data={"value":null} | headers=HTTPHeaderDict({'Content-Length': '14', 'Content-Type': 'application/json; charset=utf-8', 'cache-control': 'no-cache'}) (remote_connection.py:330)
2024-06-17 16:24:39 [   DEBUG] Finished Request (remote_connection.py:357)
2024-06-17 16:24:39 [   DEBUG] POST http://localhost:52613/session/bdd6e9efe9bbd88f458bcf8370ce8011/element/f.79B286561CDF82C727782664D010FF26.d.1A17E054EF100EA14D43F8ACC11C772A.e.18/click {} (remote_connection.py:301)
2024-06-17 16:24:42 [   DEBUG] http://localhost:52613 "POST /session/bdd6e9efe9bbd88f458bcf8370ce8011/element/f.79B286561CDF82C727782664D010FF26.d.1A17E054EF100EA14D43F8ACC11C772A.e.18/click HTTP/1.1" 200 0 (connectionpool.py:549)
2024-06-17 16:24:42 [   DEBUG] Remote response: status=200 | data={"value":null} | headers=HTTPHeaderDict({'Content-Length': '14', 'Content-Type': 'application/json; charset=utf-8', 'cache-control': 'no-cache'}) (remote_connection.py:330)
2024-06-17 16:24:42 [   DEBUG] Finished Request (remote_connection.py:357)
2024-06-17 16:24:42 [   DEBUG] POST http://localhost:52613/session/bdd6e9efe9bbd88f458bcf8370ce8011/element {'using': 'partial link text', 'value': 'Скачать (Exe 7.22 МБ)'} (remote_connection.py:301)
2024-06-17 16:24:42 [   DEBUG] http://localhost:52613 "POST /session/bdd6e9efe9bbd88f458bcf8370ce8011/element HTTP/1.1" 200 0 (connectionpool.py:549)
2024-06-17 16:24:42 [   DEBUG] Remote response: status=200 | data={"value":{"element-6066-11e4-a52e-4f735466cecf":"f.79B286561CDF82C727782664D010FF26.d.6DA691259735E6535D3F83A190D1D467.e.34"}} | headers=HTTPHeaderDict({'Content-Length': '126', 'Content-Type': 'application/json; charset=utf-8', 'cache-control': 'no-cache'}) (remote_connection.py:330)
2024-06-17 16:24:42 [   DEBUG] Finished Request (remote_connection.py:357)
2024-06-17 16:24:42 [   DEBUG] POST http://localhost:52613/session/bdd6e9efe9bbd88f458bcf8370ce8011/actions {'actions': [{'type': 'pointer', 'parameters': {'pointerType': 'mouse'}, 'id': 'mouse', 'actions': [{'type': 'pointerMove', 'duration': 250, 'x': 0, 'y': 0, 'origin': {'element-6066-11e4-a52e-4f735466cecf': 'f.79B286561CDF82C727782664D010FF26.d.6DA691259735E6535D3F83A190D1D467.e.34'}}, {'type': 'pointerDown', 'duration': 0, 'button': 0}, {'type': 'pointerUp', 'duration': 0, 'button': 0}]}, {'type': 'key', 'id': 'key', 'actions': [{'type': 'pause', 'duration': 0}, {'type': 'pause', 'duration': 0}, {'type': 'pause', 'duration': 0}]}]} (remote_connection.py:301)
2024-06-17 16:24:45 [   DEBUG] http://localhost:52613 "POST /session/bdd6e9efe9bbd88f458bcf8370ce8011/actions HTTP/1.1" 200 0 (connectionpool.py:549)
2024-06-17 16:24:45 [   DEBUG] Remote response: status=200 | data={"value":null} | headers=HTTPHeaderDict({'Content-Length': '14', 'Content-Type': 'application/json; charset=utf-8', 'cache-control': 'no-cache'}) (remote_connection.py:330)
2024-06-17 16:24:45 [   DEBUG] Finished Request (remote_connection.py:357)
2024-06-17 16:25:05 [CRITICAL] test pass all fine (test_scenario_three.py:26)
2024-06-17 16:25:05 [   DEBUG] DELETE http://localhost:52613/session/bdd6e9efe9bbd88f458bcf8370ce8011 {} (remote_connection.py:301)
2024-06-17 16:25:05 [   DEBUG] http://localhost:52613 "DELETE /session/bdd6e9efe9bbd88f458bcf8370ce8011 HTTP/1.1" 200 0 (connectionpool.py:549)
2024-06-17 16:25:05 [   DEBUG] Remote response: status=200 | data={"value":null} | headers=HTTPHeaderDict({'Content-Length': '14', 'Content-Type': 'application/json; charset=utf-8', 'cache-control': 'no-cache'}) (remote_connection.py:330)
2024-06-17 16:25:05 [   DEBUG] Finished Request (remote_connection.py:357)
